// Vitest Snapshot v1, https://vitest.dev/guide/snapshot.html

exports[`recommendation regression contract > keeps the 'cu-membership-pay-card' representative recommendation stable > cu-membership-pay-card 1`] = `
{
  "amount": 10000,
  "brandId": "cu",
  "combinations": [
    {
      "cardId": "shinhan_nara",
      "conditionalValue": 0,
      "confirmedValue": 2400,
      "estimatedValue": 0,
      "fundingType": "CARD",
      "id": "817e50cf50b290cbe22c",
      "immediateDiscount": 2000,
      "laterReward": 400,
      "payProviderId": "naverpay",
      "payableAmount": 8000,
      "performanceProgress": {
        "benefitMonth": "2026-10",
        "contributionAmount": 9000,
        "currentAmount": 100000,
        "goalSource": "AUTOMATIC",
        "performanceMonth": "2026-09",
        "projectedAmount": 109000,
        "projectedBenefitAmount": 1000,
        "remainingAfter": 891000,
        "remainingBefore": 900000,
        "targetAmount": 1000000,
        "targetReached": false,
      },
      "requiredChecks": [],
      "steps": [
        {
          "benefitAmount": 1000,
          "certainty": "CONFIRMED",
          "layer": "DISCOUNT",
          "promotionId": "fixture-skt-cu-10-percent",
        },
        {
          "benefitAmount": 1000,
          "certainty": "CONFIRMED",
          "layer": "PAYMENT_METHOD",
          "ruleId": "sh_nara_convenience",
        },
        {
          "benefitAmount": 400,
          "certainty": "CONFIRMED",
          "layer": "POST_REWARD",
          "promotionId": "fixture-npay-5-percent",
        },
      ],
      "warnings": [],
    },
    {
      "cardId": "shinhan_nara",
      "conditionalValue": 0,
      "confirmedValue": 2000,
      "estimatedValue": 0,
      "fundingType": "CARD",
      "id": "0c783f9e38ec22727a79",
      "immediateDiscount": 2000,
      "laterReward": 0,
      "payProviderId": "naverpay",
      "payableAmount": 8000,
      "performanceProgress": {
        "benefitMonth": "2026-10",
        "contributionAmount": 9000,
        "currentAmount": 100000,
        "goalSource": "AUTOMATIC",
        "performanceMonth": "2026-09",
        "projectedAmount": 109000,
        "projectedBenefitAmount": 1000,
        "remainingAfter": 891000,
        "remainingBefore": 900000,
        "targetAmount": 1000000,
        "targetReached": false,
      },
      "requiredChecks": [],
      "steps": [
        {
          "benefitAmount": 1000,
          "certainty": "CONFIRMED",
          "layer": "DISCOUNT",
          "promotionId": "fixture-skt-cu-10-percent",
        },
        {
          "benefitAmount": 1000,
          "certainty": "CONFIRMED",
          "layer": "PAYMENT_METHOD",
          "ruleId": "sh_nara_convenience",
        },
      ],
      "warnings": [],
    },
    {
      "cardId": "shinhan_nara",
      "conditionalValue": 0,
      "confirmedValue": 2000,
      "estimatedValue": 0,
      "fundingType": "CARD",
      "id": "640ca38a060e6a6e2e05",
      "immediateDiscount": 2000,
      "laterReward": 0,
      "payableAmount": 8000,
      "performanceProgress": {
        "benefitMonth": "2026-10",
        "contributionAmount": 9000,
        "currentAmount": 100000,
        "goalSource": "AUTOMATIC",
        "performanceMonth": "2026-09",
        "projectedAmount": 109000,
        "projectedBenefitAmount": 1000,
        "remainingAfter": 891000,
        "remainingBefore": 900000,
        "targetAmount": 1000000,
        "targetReached": false,
      },
      "requiredChecks": [],
      "steps": [
        {
          "benefitAmount": 1000,
          "certainty": "CONFIRMED",
          "layer": "DISCOUNT",
          "promotionId": "fixture-skt-cu-10-percent",
        },
        {
          "benefitAmount": 1000,
          "certainty": "CONFIRMED",
          "layer": "PAYMENT_METHOD",
          "ruleId": "sh_nara_convenience",
        },
      ],
      "warnings": [],
    },
    {
      "cardId": "kb_nori2_student",
      "conditionalValue": 0,
      "confirmedValue": 1877,
      "estimatedValue": 0,
      "fundingType": "CARD",
      "id": "341cfe89cc1acdd59d56",
      "immediateDiscount": 1450,
      "laterReward": 427,
      "payProviderId": "naverpay",
      "payableAmount": 8550,
      "performanceProgress": {
        "benefitMonth": "2026-10",
        "contributionAmount": 9000,
        "currentAmount": 200000,
        "goalSource": "AUTOMATIC",
        "performanceMonth": "2026-09",
        "projectedAmount": 209000,
        "projectedBenefitAmount": 500,
        "remainingAfter": 591000,
        "remainingBefore": 600000,
        "targetAmount": 800000,
        "targetReached": false,
      },
      "requiredChecks": [],
      "steps": [
        {
          "benefitAmount": 1000,
          "certainty": "CONFIRMED",
          "layer": "DISCOUNT",
          "promotionId": "fixture-skt-cu-10-percent",
        },
        {
          "benefitAmount": 450,
          "certainty": "CONFIRMED",
          "layer": "PAYMENT_METHOD",
          "ruleId": "kb_nori2_convenience",
        },
        {
          "benefitAmount": 427,
          "certainty": "CONFIRMED",
          "layer": "POST_REWARD",
          "promotionId": "fixture-npay-5-percent",
        },
      ],
      "warnings": [],
    },
    {
      "cardId": "kb_nori2_student",
      "conditionalValue": 0,
      "confirmedValue": 1450,
      "estimatedValue": 0,
      "fundingType": "CARD",
      "id": "407015a0bf9172a43925",
      "immediateDiscount": 1450,
      "laterReward": 0,
      "payableAmount": 8550,
      "performanceProgress": {
        "benefitMonth": "2026-10",
        "contributionAmount": 9000,
        "currentAmount": 200000,
        "goalSource": "AUTOMATIC",
        "performanceMonth": "2026-09",
        "projectedAmount": 209000,
        "projectedBenefitAmount": 500,
        "remainingAfter": 591000,
        "remainingBefore": 600000,
        "targetAmount": 800000,
        "targetReached": false,
      },
      "requiredChecks": [],
      "steps": [
        {
          "benefitAmount": 1000,
          "certainty": "CONFIRMED",
          "layer": "DISCOUNT",
          "promotionId": "fixture-skt-cu-10-percent",
        },
        {
          "benefitAmount": 450,
          "certainty": "CONFIRMED",
          "layer": "PAYMENT_METHOD",
          "ruleId": "kb_nori2_convenience",
        },
      ],
      "warnings": [],
    },
  ],
  "informationalOffers": [],
  "itemSpecificOffers": [],
}
`;

exports[`recommendation regression contract > keeps the 'daiso-performance-goal' representative recommendation stable > daiso-performance-goal 1`] = `
{
  "amount": 10000,
  "brandId": "daiso",
  "combinations": [
    {
      "cardId": "shinhan_heyoung",
      "conditionalValue": 0,
      "confirmedValue": 0,
      "estimatedValue": 0,
      "fundingType": "CARD",
      "id": "ae9706011a28e91d150e",
      "immediateDiscount": 0,
      "laterReward": 0,
      "payableAmount": 10000,
      "performanceProgress": {
        "benefitMonth": "2026-10",
        "contributionAmount": 10000,
        "currentAmount": 990000,
        "goalSource": "AUTOMATIC",
        "performanceMonth": "2026-09",
        "projectedAmount": 1000000,
        "projectedBenefitAmount": 1000,
        "remainingAfter": 0,
        "remainingBefore": 10000,
        "targetAmount": 1000000,
        "targetReached": true,
      },
      "requiredChecks": [],
      "steps": [],
      "warnings": [],
    },
    {
      "cardId": "shinhan_heyoung",
      "conditionalValue": 0,
      "confirmedValue": 0,
      "estimatedValue": 0,
      "fundingType": "CARD",
      "id": "c5544dcdf5fd53b97b19",
      "immediateDiscount": 0,
      "laterReward": 0,
      "payProviderId": "naverpay",
      "payableAmount": 10000,
      "performanceProgress": {
        "benefitMonth": "2026-10",
        "contributionAmount": 10000,
        "currentAmount": 990000,
        "goalSource": "AUTOMATIC",
        "performanceMonth": "2026-09",
        "projectedAmount": 1000000,
        "projectedBenefitAmount": 1000,
        "remainingAfter": 0,
        "remainingBefore": 10000,
        "targetAmount": 1000000,
        "targetReached": true,
      },
      "requiredChecks": [],
      "steps": [],
      "warnings": [
        "간편결제 승인 가맹점·MCC에 따라 카드 혜택이 제외될 수 있어요.",
      ],
    },
    {
      "conditionalValue": 0,
      "confirmedValue": 0,
      "estimatedValue": 0,
      "fundingType": "POINTS",
      "id": "0df54048472c8034b020",
      "immediateDiscount": 0,
      "laterReward": 0,
      "payProviderId": "naverpay",
      "payableAmount": 10000,
      "requiredChecks": [],
      "steps": [],
      "warnings": [],
    },
    {
      "conditionalValue": 0,
      "confirmedValue": 0,
      "estimatedValue": 0,
      "fundingType": "MONEY",
      "id": "9b22fe4f89759b8be578",
      "immediateDiscount": 0,
      "laterReward": 0,
      "payProviderId": "naverpay",
      "payableAmount": 10000,
      "requiredChecks": [],
      "steps": [],
      "warnings": [],
    },
  ],
  "informationalOffers": [],
  "itemSpecificOffers": [],
}
`;

exports[`recommendation regression contract > keeps the 'twosome-subscription-pay-card' representative recommendation stable > twosome-subscription-pay-card 1`] = `
{
  "amount": 10000,
  "brandId": "twosome",
  "combinations": [
    {
      "cardId": "kb_nori2_student",
      "conditionalValue": 0,
      "confirmedValue": 3350,
      "estimatedValue": 0,
      "fundingType": "CARD",
      "id": "040ef81bd2a744570ab7",
      "immediateDiscount": 3000,
      "laterReward": 350,
      "payProviderId": "naverpay",
      "payableAmount": 7000,
      "requiredChecks": [],
      "steps": [
        {
          "benefitAmount": 3000,
          "certainty": "CONFIRMED",
          "layer": "DISCOUNT",
          "promotionId": "fixture-t-universe-twosome-30-percent",
        },
        {
          "benefitAmount": 350,
          "certainty": "CONFIRMED",
          "layer": "POST_REWARD",
          "promotionId": "fixture-npay-5-percent",
        },
      ],
      "warnings": [],
    },
    {
      "cardId": "shinhan_nara",
      "conditionalValue": 0,
      "confirmedValue": 3350,
      "estimatedValue": 0,
      "fundingType": "CARD",
      "id": "10418d09ab3d8cc51d5c",
      "immediateDiscount": 3000,
      "laterReward": 350,
      "payProviderId": "naverpay",
      "payableAmount": 7000,
      "requiredChecks": [],
      "steps": [
        {
          "benefitAmount": 3000,
          "certainty": "CONFIRMED",
          "layer": "DISCOUNT",
          "promotionId": "fixture-t-universe-twosome-30-percent",
        },
        {
          "benefitAmount": 350,
          "certainty": "CONFIRMED",
          "layer": "POST_REWARD",
          "promotionId": "fixture-npay-5-percent",
        },
      ],
      "warnings": [],
    },
    {
      "conditionalValue": 0,
      "confirmedValue": 3350,
      "estimatedValue": 0,
      "fundingType": "POINTS",
      "id": "b34103efe0d55493797d",
      "immediateDiscount": 3000,
      "laterReward": 350,
      "payProviderId": "naverpay",
      "payableAmount": 7000,
      "requiredChecks": [],
      "steps": [
        {
          "benefitAmount": 3000,
          "certainty": "CONFIRMED",
          "layer": "DISCOUNT",
          "promotionId": "fixture-t-universe-twosome-30-percent",
        },
        {
          "benefitAmount": 350,
          "certainty": "CONFIRMED",
          "layer": "POST_REWARD",
          "promotionId": "fixture-npay-5-percent",
        },
      ],
      "warnings": [],
    },
    {
      "cardId": "hana_nara",
      "conditionalValue": 0,
      "confirmedValue": 3350,
      "estimatedValue": 0,
      "fundingType": "CARD",
      "id": "c681a388774c7fc477b4",
      "immediateDiscount": 3000,
      "laterReward": 350,
      "payProviderId": "naverpay",
      "payableAmount": 7000,
      "requiredChecks": [],
      "steps": [
        {
          "benefitAmount": 3000,
          "certainty": "CONFIRMED",
          "layer": "DISCOUNT",
          "promotionId": "fixture-t-universe-twosome-30-percent",
        },
        {
          "benefitAmount": 350,
          "certainty": "CONFIRMED",
          "layer": "POST_REWARD",
          "promotionId": "fixture-npay-5-percent",
        },
      ],
      "warnings": [],
    },
    {
      "conditionalValue": 0,
      "confirmedValue": 3350,
      "estimatedValue": 0,
      "fundingType": "MONEY",
      "id": "cb3d8330938e16c4254a",
      "immediateDiscount": 3000,
      "laterReward": 350,
      "payProviderId": "naverpay",
      "payableAmount": 7000,
      "requiredChecks": [],
      "steps": [
        {
          "benefitAmount": 3000,
          "certainty": "CONFIRMED",
          "layer": "DISCOUNT",
          "promotionId": "fixture-t-universe-twosome-30-percent",
        },
        {
          "benefitAmount": 350,
          "certainty": "CONFIRMED",
          "layer": "POST_REWARD",
          "promotionId": "fixture-npay-5-percent",
        },
      ],
      "warnings": [],
    },
  ],
  "informationalOffers": [],
  "itemSpecificOffers": [],
}
`;
